Archive member included to satisfy reference by file (symbol)

/home/asus/program/TrueSTUDIO/ARMTools/bin/../lib/gcc/arm-atollic-eabi/6.3.1/../../../../arm-atollic-eabi/lib/armv7e-m/fpu/libc_nano.a(lib_a-errno.o)
                              Src/syscalls.o (__errno)
/home/asus/program/TrueSTUDIO/ARMTools/bin/../lib/gcc/arm-atollic-eabi/6.3.1/../../../../arm-atollic-eabi/lib/armv7e-m/fpu/libc_nano.a(lib_a-impure.o)
                              /home/asus/program/TrueSTUDIO/ARMTools/bin/../lib/gcc/arm-atollic-eabi/6.3.1/../../../../arm-atollic-eabi/lib/armv7e-m/fpu/libc_nano.a(lib_a-errno.o) (_impure_ptr)
/home/asus/program/TrueSTUDIO/ARMTools/bin/../lib/gcc/arm-atollic-eabi/6.3.1/../../../../arm-atollic-eabi/lib/armv7e-m/fpu/libc_nano.a(lib_a-init.o)
                              startup/startup_stm32f401xe.o (__libc_init_array)
/home/asus/program/TrueSTUDIO/ARMTools/bin/../lib/gcc/arm-atollic-eabi/6.3.1/../../../../arm-atollic-eabi/lib/armv7e-m/fpu/libc_nano.a(lib_a-memcpy-stub.o)
                              Src/MCP23017_LCD1602A/LCD16X2.o (memcpy)
/home/asus/program/TrueSTUDIO/ARMTools/bin/../lib/gcc/arm-atollic-eabi/6.3.1/../../../../arm-atollic-eabi/lib/armv7e-m/fpu/libc_nano.a(lib_a-memset.o)
                              Src/LQGI/Linear_Quadratic_Gaussian_Integral_Regulator.o (memset)
/home/asus/program/TrueSTUDIO/ARMTools/bin/../lib/gcc/arm-atollic-eabi/6.3.1/../../../../arm-atollic-eabi/lib/armv7e-m/fpu/libc_nano.a(lib_a-sprintf.o)
                              Src/MCP23017_LCD1602A/LCD16X2.o (sprintf)
/home/asus/program/TrueSTUDIO/ARMTools/bin/../lib/gcc/arm-atollic-eabi/6.3.1/../../../../arm-atollic-eabi/lib/armv7e-m/fpu/libc_nano.a(lib_a-nano-svfprintf.o)
                              /home/asus/program/TrueSTUDIO/ARMTools/bin/../lib/gcc/arm-atollic-eabi/6.3.1/../../../../arm-atollic-eabi/lib/armv7e-m/fpu/libc_nano.a(lib_a-sprintf.o) (_svfprintf_r)
/home/asus/program/TrueSTUDIO/ARMTools/bin/../lib/gcc/arm-atollic-eabi/6.3.1/../../../../arm-atollic-eabi/lib/armv7e-m/fpu/libc_nano.a(lib_a-nano-vfprintf_i.o)
                              /home/asus/program/TrueSTUDIO/ARMTools/bin/../lib/gcc/arm-atollic-eabi/6.3.1/../../../../arm-atollic-eabi/lib/armv7e-m/fpu/libc_nano.a(lib_a-nano-svfprintf.o) (_printf_i)
/home/asus/program/TrueSTUDIO/ARMTools/bin/../lib/gcc/arm-atollic-eabi/6.3.1/../../../../arm-atollic-eabi/lib/armv7e-m/fpu/libc_nano.a(lib_a-memchr.o)
                              /home/asus/program/TrueSTUDIO/ARMTools/bin/../lib/gcc/arm-atollic-eabi/6.3.1/../../../../arm-atollic-eabi/lib/armv7e-m/fpu/libc_nano.a(lib_a-nano-svfprintf.o) (memchr)
/home/asus/program/TrueSTUDIO/ARMTools/bin/../lib/gcc/arm-atollic-eabi/6.3.1/../../../../arm-atollic-eabi/lib/armv7e-m/fpu/libc_nano.a(lib_a-memmove.o)
                              /home/asus/program/TrueSTUDIO/ARMTools/bin/../lib/gcc/arm-atollic-eabi/6.3.1/../../../../arm-atollic-eabi/lib/armv7e-m/fpu/libc_nano.a(lib_a-nano-svfprintf.o) (memmove)
/home/asus/program/TrueSTUDIO/ARMTools/bin/../lib/gcc/arm-atollic-eabi/6.3.1/../../../../arm-atollic-eabi/lib/armv7e-m/fpu/libc_nano.a(lib_a-nano-freer.o)
                              /home/asus/program/TrueSTUDIO/ARMTools/bin/../lib/gcc/arm-atollic-eabi/6.3.1/../../../../arm-atollic-eabi/lib/armv7e-m/fpu/libc_nano.a(lib_a-nano-svfprintf.o) (_free_r)
/home/asus/program/TrueSTUDIO/ARMTools/bin/../lib/gcc/arm-atollic-eabi/6.3.1/../../../../arm-atollic-eabi/lib/armv7e-m/fpu/libc_nano.a(lib_a-nano-mallocr.o)
                              /home/asus/program/TrueSTUDIO/ARMTools/bin/../lib/gcc/arm-atollic-eabi/6.3.1/../../../../arm-atollic-eabi/lib/armv7e-m/fpu/libc_nano.a(lib_a-nano-svfprintf.o) (_malloc_r)
/home/asus/program/TrueSTUDIO/ARMTools/bin/../lib/gcc/arm-atollic-eabi/6.3.1/../../../../arm-atollic-eabi/lib/armv7e-m/fpu/libc_nano.a(lib_a-nano-reallocr.o)
                              /home/asus/program/TrueSTUDIO/ARMTools/bin/../lib/gcc/arm-atollic-eabi/6.3.1/../../../../arm-atollic-eabi/lib/armv7e-m/fpu/libc_nano.a(lib_a-nano-svfprintf.o) (_realloc_r)
/home/asus/program/TrueSTUDIO/ARMTools/bin/../lib/gcc/arm-atollic-eabi/6.3.1/../../../../arm-atollic-eabi/lib/armv7e-m/fpu/libc_nano.a(lib_a-sbrkr.o)
                              /home/asus/program/TrueSTUDIO/ARMTools/bin/../lib/gcc/arm-atollic-eabi/6.3.1/../../../../arm-atollic-eabi/lib/armv7e-m/fpu/libc_nano.a(lib_a-nano-mallocr.o) (_sbrk_r)
/home/asus/program/TrueSTUDIO/ARMTools/bin/../lib/gcc/arm-atollic-eabi/6.3.1/../../../../arm-atollic-eabi/lib/armv7e-m/fpu/libc_nano.a(lib_a-mlock.o)
                              /home/asus/program/TrueSTUDIO/ARMTools/bin/../lib/gcc/arm-atollic-eabi/6.3.1/../../../../arm-atollic-eabi/lib/armv7e-m/fpu/libc_nano.a(lib_a-nano-freer.o) (__malloc_lock)
/home/asus/program/TrueSTUDIO/ARMTools/bin/../lib/gcc/arm-atollic-eabi/6.3.1/../../../../arm-atollic-eabi/lib/armv7e-m/fpu/libc_nano.a(lib_a-nano-msizer.o)
[...]
Memory Configuration

Name             Origin             Length             Attributes
RAM              0x0000000020000000 0x0000000000018000 xrw
FLASH            0x0000000008000000 0x0000000000080000 xr
*default*        0x0000000000000000 0xffffffffffffffff

Linker script and memory map

LOAD /home/asus/program/TrueSTUDIO/ARMTools/bin/../lib/gcc/arm-atollic-eabi/6.3.1/armv7e-m/fpu/crti.o
LOAD /home/asus/program/TrueSTUDIO/ARMTools/bin/../lib/gcc/arm-atollic-eabi/6.3.1/armv7e-m/fpu/crtbegin.o
LOAD Drivers/STM32F4xx_HAL_Driver/Src/stm32f4xx_hal.o
LOAD Drivers/STM32F4xx_HAL_Driver/Src/stm32f4xx_hal_cortex.o
LOAD Drivers/STM32F4xx_HAL_Driver/Src/stm32f4xx_hal_dma.o
LOAD Drivers/STM32F4xx_HAL_Driver/Src/stm32f4xx_hal_dma_ex.o
LOAD Drivers/STM32F4xx_HAL_Driver/Src/stm32f4xx_hal_exti.o
LOAD Drivers/STM32F4xx_HAL_Driver/Src/stm32f4xx_hal_flash.o
LOAD Drivers/STM32F4xx_HAL_Driver/Src/stm32f4xx_hal_flash_ex.o
LOAD Drivers/STM32F4xx_HAL_Driver/Src/stm32f4xx_hal_flash_ramfunc.o
LOAD Drivers/STM32F4xx_HAL_Driver/Src/stm32f4xx_hal_gpio.o
LOAD Drivers/STM32F4xx_HAL_Driver/Src/stm32f4xx_hal_i2c.o
LOAD Drivers/STM32F4xx_HAL_Driver/Src/stm32f4xx_hal_i2c_ex.o
LOAD Drivers/STM32F4xx_HAL_Driver/Src/stm32f4xx_hal_pwr.o
LOAD Drivers/STM32F4xx_HAL_Driver/Src/stm32f4xx_hal_pwr_ex.o
LOAD Drivers/STM32F4xx_HAL_Driver/Src/stm32f4xx_hal_rcc.o
LOAD Drivers/STM32F4xx_HAL_Driver/Src/stm32f4xx_hal_rcc_ex.o
LOAD Drivers/STM32F4xx_HAL_Driver/Src/stm32f4xx_hal_spi.o
LOAD Drivers/STM32F4xx_HAL_Driver/Src/stm32f4xx_hal_tim.o
LOAD Drivers/STM32F4xx_HAL_Driver/Src/stm32f4xx_hal_tim_ex.o
LOAD Drivers/STM32F4xx_HAL_Driver/Src/stm32f4xx_hal_uart.o
LOAD Src/LQGI/Linear_Quadratic_Gaussian_Integral_Regulator.o
LOAD Src/MCP23017_LCD1602A/LCD16X2.o
LOAD Src/MCP3008/MCP3008.o
LOAD Src/main.o
LOAD Src/stm32f4xx_hal_msp.o
LOAD Src/stm32f4xx_it.o
LOAD Src/syscalls.o
LOAD Src/system_stm32f4xx.o
LOAD startup/startup_stm32f401xe.o
                0x0000000000000080                malloc_getpagesize_P = 0x80
START GROUP
LOAD /home/asus/program/TrueSTUDIO/ARMTools/bin/../lib/gcc/arm-atollic-eabi/6.3.1/../../../../arm-atollic-eabi/lib/armv7e-m/fpu/libc_nano.a
LOAD /home/asus/program/TrueSTUDIO/ARMTools/bin/../lib/gcc/arm-atollic-eabi/6.3.1/../../../../arm-atollic-eabi/lib/armv7e-m/fpu/libm.a
END GROUP
START GROUP
LOAD /home/asus/program/TrueSTUDIO/ARMTools/bin/../lib/gcc/arm-atollic-eabi/6.3.1/armv7e-m/fpu/libgcc.a
LOAD /home/asus/program/TrueSTUDIO/ARMTools/bin/../lib/gcc/arm-atollic-eabi/6.3.1/../../../../arm-atollic-eabi/lib/armv7e-m/fpu/libc_nano.a
END GROUP
START GROUP
LOAD /home/asus/program/TrueSTUDIO/ARMTools/bin/../lib/gcc/arm-atollic-eabi/6.3.1/armv7e-m/fpu/libgcc.a
LOAD /home/asus/program/TrueSTUDIO/ARMTools/bin/../lib/gcc/arm-atollic-eabi/6.3.1/../../../../arm-atollic-eabi/lib/armv7e-m/fpu/libc_nano.a
LOAD /home/asus/program/TrueSTUDIO/ARMTools/bin/../lib/gcc/arm-atollic-eabi/6.3.1/../../../../arm-atollic-eabi/lib/armv7e-m/fpu/libnosys.a
END GROUP
START GROUP
LOAD /home/asus/program/TrueSTUDIO/ARMTools/bin/../lib/gcc/arm-atollic-eabi/6.3.1/armv7e-m/fpu/libgcc.a
LOAD /home/asus/program/TrueSTUDIO/ARMTools/bin/../lib/gcc/arm-atollic-eabi/6.3.1/../../../../arm-atollic-eabi/lib/armv7e-m/fpu/libc_nano.a
LOAD /home/asus/program/TrueSTUDIO/ARMTools/bin/../lib/gcc/arm-atollic-eabi/6.3.1/../../../../arm-atollic-eabi/lib/armv7e-m/fpu/libnosys.a
END GROUP
LOAD /home/asus/program/TrueSTUDIO/ARMTools/bin/../lib/gcc/arm-atollic-eabi/6.3.1/armv7e-m/fpu/crtend.o
LOAD /home/asus/program/TrueSTUDIO/ARMTools/bin/../lib/gcc/arm-atollic-eabi/6.3.1/armv7e-m/fpu/crtn.o
                0x0000000020018000                _estack = 0x20018000
                0x0000000000000200                _Min_Heap_Size = 0x200
                0x0000000000000400                _Min_Stack_Size = 0x400

.isr_vector     0x0000000008000000      0x194
                0x0000000008000000                . = ALIGN (0x4)
 *(.isr_vector)
 .isr_vector    0x0000000008000000      0x194 startup/startup_stm32f401xe.o
                0x0000000008000000                g_pfnVectors
                0x0000000008000194                . = ALIGN (0x4)

.text           0x00000000080001a0     0x3e9c
                0x00000000080001a0                . = ALIGN (0x4)
 *(.text)
 .text          0x00000000080001a0       0x40 /home/asus/program/TrueSTUDIO/ARMTools/bin/../lib/gcc/arm-atollic-eabi/6.3.1/armv7e-m/fpu/crtbegin.o
 .text          0x00000000080001e0       0xa0 /home/asus/program/TrueSTUDIO/ARMTools/bin/../lib/gcc/arm-atollic-eabi/6.3.1/../../../../arm-atollic-eabi/lib/armv7e-m/fpu/libc_nano.a(lib_a-memchr.o)
                0x00000000080001e0                memchr
 .text          0x0000000008000280      0x370 /home/asus/program/TrueSTUDIO/ARMTools/bin/../lib/gcc/arm-atollic-eabi/6.3.1/armv7e-m/fpu/libgcc.a(_arm_addsubdf3.o)
                0x0000000008000280                __aeabi_drsub
                0x0000000008000288                __aeabi_dsub
                0x0000000008000288                __subdf3
                0x000000000800028c                __adddf3
                0x000000000800028c                __aeabi_dadd
                0x0000000008000504                __aeabi_ui2d
                0x0000000008000504                __floatunsidf
                0x0000000008000524                __floatsidf
                0x0000000008000524                __aeabi_i2d
                0x0000000008000548                __extendsfdf2
                0x0000000008000548                __aeabi_f2d
                0x0000000008000584                __aeabi_ul2d
                0x0000000008000584                __floatundidf
                0x0000000008000594                __floatdidf
                0x0000000008000594                __aeabi_l2d
 .text          0x00000000080005f0      0x424 /home/asus/program/TrueSTUDIO/ARMTools/bin/../lib/gcc/arm-atollic-eabi/6.3.1/armv7e-m/fpu/libgcc.a(_arm_muldivdf3.o)
                0x00000000080005f0                __aeabi_dmul
                0x00000000080005f0                __muldf3
                0x0000000008000844                __aeabi_ddiv
                0x0000000008000844                __divdf3
 .text          0x0000000008000a14       0x40 /home/asus/program/TrueSTUDIO/ARMTools/bin/../lib/gcc/arm-atollic-eabi/6.3.1/armv7e-m/fpu/libgcc.a(_arm_fixunsdfsi.o)
                0x0000000008000a14                __fixunsdfsi
                0x0000000008000a14                __aeabi_d2uiz
 .text          0x0000000008000a54       0x30 /home/asus/program/TrueSTUDIO/ARMTools/bin/../lib/gcc/arm-atollic-eabi/6.3.1/armv7e-m/fpu/libgcc.a(_aeabi_uldivmod.o)
                0x0000000008000a54                __aeabi_uldivmod
 .text          0x0000000008000a84      0x2dc /home/asus/program/TrueSTUDIO/ARMTools/bin/../lib/gcc/arm-atollic-eabi/6.3.1/armv7e-m/fpu/libgcc.a(_udivmoddi4.o)
                0x0000000008000a84                __udivmoddi4
 .text          0x0000000008000d60        0x4 /home/asus/program/TrueSTUDIO/ARMTools/bin/../lib/gcc/arm-atollic-eabi/6.3.1/armv7e-m/fpu/libgcc.a(_dvmd_tls.o)
                0x0000000008000d60                __aeabi_ldiv0
                0x0000000008000d60                __aeabi_idiv0
 *(.text*)
 .text.HAL_InitTick
                0x0000000008000d64       0x48 Drivers/STM32F4xx_HAL_Driver/Src/stm32f4xx_hal.o
                0x0000000008000d64                HAL_InitTick
 .text.HAL_Init
                0x0000000008000dac       0x34 Drivers/STM32F4xx_HAL_Driver/Src/stm32f4xx_hal.o
                0x0000000008000dac                HAL_Init
 .text.HAL_IncTick
                0x0000000008000de0       0x18 Drivers/STM32F4xx_HAL_Driver/Src/stm32f4xx_hal.o
                0x0000000008000de0                HAL_IncTick
 .text.HAL_GetTick
                0x0000000008000df8        0xc Drivers/STM32F4xx_HAL_Driver/Src/stm32f4xx_hal.o
                0x0000000008000df8                HAL_GetTick
 .text.HAL_Delay
                0x0000000008000e04       0x28 Drivers/STM32F4xx_HAL_Driver/Src/stm32f4xx_hal.o
                0x0000000008000e04                HAL_Delay
 .text.HAL_NVIC_SetPriorityGrouping
                0x0000000008000e2c       0x24 Drivers/STM32F4xx_HAL_Driver/Src/stm32f4xx_hal_cortex.o
                0x0000000008000e2c                HAL_NVIC_SetPriorityGrouping
 .text.HAL_NVIC_SetPriority
                0x0000000008000e50       0x68 Drivers/STM32F4xx_HAL_Driver/Src/stm32f4xx_hal_cortex.o
                0x0000000008000e50                HAL_NVIC_SetPriority
 .text.HAL_SYSTICK_Config
                0x0000000008000eb8       0x2c Drivers/STM32F4xx_HAL_Driver/Src/stm32f4xx_hal_cortex.o
                0x0000000008000eb8                HAL_SYSTICK_Config
 .text.HAL_GPIO_Init
                0x0000000008000ee4      0x1ac Drivers/STM32F4xx_HAL_Driver/Src/stm32f4xx_hal_gpio.o
                0x0000000008000ee4                HAL_GPIO_Init
 .text.HAL_GPIO_WritePin
                0x0000000008001090        0xa Drivers/STM32F4xx_HAL_Driver/Src/stm32f4xx_hal_gpio.o
                0x0000000008001090                HAL_GPIO_WritePin
 .text.HAL_GPIO_TogglePin
                0x000000000800109a        0xe Drivers/STM32F4xx_HAL_Driver/Src/stm32f4xx_hal_gpio.o
                0x000000000800109a                HAL_GPIO_TogglePin
 .text.I2C_IsAcknowledgeFailed
                0x00000000080010a8       0x34 Drivers/STM32F4xx_HAL_Driver/Src/stm32f4xx_hal_i2c.o
 .text.I2C_WaitOnMasterAddressFlagUntilTimeout
                0x00000000080010dc       0x8a Drivers/STM32F4xx_HAL_Driver/Src/stm32f4xx_hal_i2c.o
 .text.I2C_WaitOnBTFFlagUntilTimeout
                0x0000000008001166       0x4c Drivers/STM32F4xx_HAL_Driver/Src/stm32f4xx_hal_i2c.o
 .text.I2C_WaitOnFlagUntilTimeout
                0x00000000080011b2       0x64 Drivers/STM32F4xx_HAL_Driver/Src/stm32f4xx_hal_i2c.o
 .text.I2C_WaitOnTXEFlagUntilTimeout
                0x0000000008001216       0x4c Drivers/STM32F4xx_HAL_Driver/Src/stm32f4xx_hal_i2c.o
 *fill*         0x0000000008001262        0x2 
 .text.HAL_I2C_Init
                0x0000000008001264      0x148 Drivers/STM32F4xx_HAL_Driver/Src/stm32f4xx_hal_i2c.o
                0x0000000008001264                HAL_I2C_Init
 .text.HAL_I2C_Master_Transmit
                0x00000000080013ac      0x19c Drivers/STM32F4xx_HAL_Driver/Src/stm32f4xx_hal_i2c.o
                0x00000000080013ac                HAL_I2C_Master_Transmit
 .text.HAL_I2C_IsDeviceReady
                0x0000000008001548      0x150 Drivers/STM32F4xx_HAL_Driver/Src/stm32f4xx_hal_i2c.o
                0x0000000008001548                HAL_I2C_IsDeviceReady
 .text.HAL_RCC_OscConfig
                0x0000000008001698      0x304 Drivers/STM32F4xx_HAL_Driver/Src/stm32f4xx_hal_rcc.o
                0x0000000008001698                HAL_RCC_OscConfig
 .text.HAL_RCC_GetSysClockFreq
                0x000000000800199c       0x5c Drivers/STM32F4xx_HAL_Driver/Src/stm32f4xx_hal_rcc.o
                0x000000000800199c                HAL_RCC_GetSysClockFreq
 .text.HAL_RCC_ClockConfig
                0x00000000080019f8      0x134 Drivers/STM32F4xx_HAL_Driver/Src/stm32f4xx_hal_rcc.o
                0x00000000080019f8                HAL_RCC_ClockConfig
 .text.HAL_RCC_GetPCLK1Freq
                0x0000000008001b2c       0x20 Drivers/STM32F4xx_HAL_Driver/Src/stm32f4xx_hal_rcc.o
                0x0000000008001b2c                HAL_RCC_GetPCLK1Freq
 .text.HAL_RCC_GetPCLK2Freq
                0x0000000008001b4c       0x20 Drivers/STM32F4xx_HAL_Driver/Src/stm32f4xx_hal_rcc.o
                0x0000000008001b4c                HAL_RCC_GetPCLK2Freq
 .text.HAL_RCC_GetClockConfig
                0x0000000008001b6c       0x3c Drivers/STM32F4xx_HAL_Driver/Src/stm32f4xx_hal_rcc.o
                0x0000000008001b6c                HAL_RCC_GetClockConfig
 .text.SPI_WaitFlagStateUntilTimeout.constprop.9
                0x0000000008001ba8       0x76 Drivers/STM32F4xx_HAL_Driver/Src/stm32f4xx_hal_spi.o
 *fill*         0x0000000008001c1e        0x2 
 .text.SPI_EndRxTxTransaction
                0x0000000008001c20       0x5c Drivers/STM32F4xx_HAL_Driver/Src/stm32f4xx_hal_spi.o
 .text.HAL_SPI_Init
                0x0000000008001c7c       0x7a Drivers/STM32F4xx_HAL_Driver/Src/stm32f4xx_hal_spi.o
                0x0000000008001c7c                HAL_SPI_Init
 .text.HAL_SPI_TransmitReceive
                0x0000000008001cf6      0x1e0 Drivers/STM32F4xx_HAL_Driver/Src/stm32f4xx_hal_spi.o
                0x0000000008001cf6                HAL_SPI_TransmitReceive
 *fill*         0x0000000008001ed6        0x2 
 .text.TIM_OC1_SetConfig
                0x0000000008001ed8       0x50 Drivers/STM32F4xx_HAL_Driver/Src/stm32f4xx_hal_tim.o
 .text.TIM_OC3_SetConfig
                0x0000000008001f28       0x54 Drivers/STM32F4xx_HAL_Driver/Src/stm32f4xx_hal_tim.o
 .text.TIM_OC4_SetConfig
                0x0000000008001f7c       0x44 Drivers/STM32F4xx_HAL_Driver/Src/stm32f4xx_hal_tim.o
 .text.HAL_TIM_PWM_MspInit
                0x0000000008001fc0        0x2 Drivers/STM32F4xx_HAL_Driver/Src/stm32f4xx_hal_tim.o
                0x0000000008001fc0                HAL_TIM_PWM_MspInit
 *fill*         0x0000000008001fc2        0x2 
 .text.TIM_Base_SetConfig
                0x0000000008001fc4       0x9c Drivers/STM32F4xx_HAL_Driver/Src/stm32f4xx_hal_tim.o
                0x0000000008001fc4                TIM_Base_SetConfig
 .text.HAL_TIM_Base_Init
                0x0000000008002060       0x34 Drivers/STM32F4xx_HAL_Driver/Src/stm32f4xx_hal_tim.o
                0x0000000008002060                HAL_TIM_Base_Init
 .text.HAL_TIM_PWM_Init
                0x0000000008002094       0x34 Drivers/STM32F4xx_HAL_Driver/Src/stm32f4xx_hal_tim.o
                0x0000000008002094                HAL_TIM_PWM_Init
 .text.TIM_OC2_SetConfig
                0x00000000080020c8       0x58 Drivers/STM32F4xx_HAL_Driver/Src/stm32f4xx_hal_tim.o
                0x00000000080020c8                TIM_OC2_SetConfig
 .text.HAL_TIM_PWM_ConfigChannel
                0x0000000008002120       0xc4 Drivers/STM32F4xx_HAL_Driver/Src/stm32f4xx_hal_tim.o
                0x0000000008002120                HAL_TIM_PWM_ConfigChannel
 .text.TIM_ETR_SetConfig
                0x00000000080021e4       0x14 Drivers/STM32F4xx_HAL_Driver/Src/stm32f4xx_hal_tim.o
                0x00000000080021e4                TIM_ETR_SetConfig
 .text.HAL_TIM_ConfigClockSource
                0x00000000080021f8      0x128 Drivers/STM32F4xx_HAL_Driver/Src/stm32f4xx_hal_tim.o
                0x00000000080021f8                HAL_TIM_ConfigClockSource
 .text.TIM_CCxChannelCmd
                0x0000000008002320       0x1c Drivers/STM32F4xx_HAL_Driver/Src/stm32f4xx_hal_tim.o
                0x0000000008002320                TIM_CCxChannelCmd
 .text.HAL_TIM_PWM_Start
                0x000000000800233c       0x38 Drivers/STM32F4xx_HAL_Driver/Src/stm32f4xx_hal_tim.o
                0x000000000800233c                HAL_TIM_PWM_Start
 .text.HAL_TIMEx_MasterConfigSynchronization
                0x0000000008002374       0x3c Drivers/STM32F4xx_HAL_Driver/Src/stm32f4xx_hal_tim_ex.o
                0x0000000008002374                HAL_TIMEx_MasterConfigSynchronization
 .text.HAL_TIMEx_ConfigBreakDeadTime
                0x00000000080023b0       0x4c Drivers/STM32F4xx_HAL_Driver/Src/stm32f4xx_hal_tim_ex.o
                0x00000000080023b0                HAL_TIMEx_ConfigBreakDeadTime
 .text.UART_SetConfig
                0x00000000080023fc      0x234 Drivers/STM32F4xx_HAL_Driver/Src/stm32f4xx_hal_uart.o
 .text.UART_WaitOnFlagUntilTimeout.constprop.3
                0x0000000008002630       0x50 Drivers/STM32F4xx_HAL_Driver/Src/stm32f4xx_hal_uart.o
 .text.HAL_UART_Init
                0x0000000008002680       0x5c Drivers/STM32F4xx_HAL_Driver/Src/stm32f4xx_hal_uart.o
                0x0000000008002680                HAL_UART_Init
 .text.HAL_UART_Transmit
                0x00000000080026dc       0xba Drivers/STM32F4xx_HAL_Driver/Src/stm32f4xx_hal_uart.o
                0x00000000080026dc                HAL_UART_Transmit
 .text.mul.constprop.0
                0x0000000008002796       0x46 Src/LQGI/Linear_Quadratic_Gaussian_Integral_Regulator.o
 .text.LQGI     0x00000000080027dc      0x294 Src/LQGI/Linear_Quadratic_Gaussian_Integral_Regulator.o
                0x00000000080027dc                LQGI
 .text.LCD1602_TIM_MicorSecDelay
                0x0000000008002a70       0x24 Src/MCP23017_LCD1602A/LCD16X2.o
 .text.LCD1602_EnablePulse
                0x0000000008002a94       0x70 Src/MCP23017_LCD1602A/LCD16X2.o
 *fill*         0x0000000008002b04        0x4 
 .text.LCD1602_TIM_Config
                0x0000000008002b08       0x88 Src/MCP23017_LCD1602A/LCD16X2.o
 .text.LCD1602_write
                0x0000000008002b90       0x80 Src/MCP23017_LCD1602A/LCD16X2.o
 .text.LCD1602_RS.constprop.2
                0x0000000008002c10       0x38 Src/MCP23017_LCD1602A/LCD16X2.o
 .text.LCD1602_writeCommand
                0x0000000008002c48       0x12 Src/MCP23017_LCD1602A/LCD16X2.o
 *fill*         0x0000000008002c5a        0x2 
 .text.LCD1602_mcp23017
                0x0000000008002c5c       0xb4 Src/MCP23017_LCD1602A/LCD16X2.o
                0x0000000008002c5c                LCD1602_mcp23017
 .text.LCD1602_Begin8BIT
                0x0000000008002d10       0x60 Src/MCP23017_LCD1602A/LCD16X2.o
                0x0000000008002d10                LCD1602_Begin8BIT
 .text.LCD1602_print
                0x0000000008002d70       0x5c Src/MCP23017_LCD1602A/LCD16X2.o
                0x0000000008002d70                LCD1602_print
 .text.LCD1602_setCursor
                0x0000000008002dcc       0x16 Src/MCP23017_LCD1602A/LCD16X2.o
                0x0000000008002dcc                LCD1602_setCursor
 .text.LCD1602_2ndLine
                0x0000000008002de2        0x6 Src/MCP23017_LCD1602A/LCD16X2.o
                0x0000000008002de2                LCD1602_2ndLine
 .text.LCD1602_noCursor
                0x0000000008002de8       0x14 Src/MCP23017_LCD1602A/LCD16X2.o
                0x0000000008002de8                LCD1602_noCursor
 .text.LCD1602_noBlink
                0x0000000008002dfc       0x14 Src/MCP23017_LCD1602A/LCD16X2.o
                0x0000000008002dfc                LCD1602_noBlink
 .text.MCP3008_Init
                0x0000000008002e10       0x38 Src/MCP3008/MCP3008.o
                0x0000000008002e10                MCP3008_Init
 .text.MCP3008_Read_Channel
                0x0000000008002e48       0x9c Src/MCP3008/MCP3008.o
                0x0000000008002e48                MCP3008_Read_Channel
 .text.SystemClock_Config
                0x0000000008002ee4       0x94 Src/main.o
                0x0000000008002ee4                SystemClock_Config
 .text.startup.main
                0x0000000008002f78      0x4e0 Src/main.o
                0x0000000008002f78                main
 .text.HAL_MspInit
                0x0000000008003458       0x40 Src/stm32f4xx_hal_msp.o
                0x0000000008003458                HAL_MspInit
 .text.HAL_I2C_MspInit
                0x0000000008003498       0x74 Src/stm32f4xx_hal_msp.o
                0x0000000008003498                HAL_I2C_MspInit
 .text.HAL_SPI_MspInit
                0x000000000800350c       0x98 Src/stm32f4xx_hal_msp.o
                0x000000000800350c                HAL_SPI_MspInit
 .text.HAL_TIM_Base_MspInit
                0x00000000080035a4       0x30 Src/stm32f4xx_hal_msp.o
                0x00000000080035a4                HAL_TIM_Base_MspInit
 .text.HAL_TIM_MspPostInit
                0x00000000080035d4       0x58 Src/stm32f4xx_hal_msp.o
                0x00000000080035d4                HAL_TIM_MspPostInit
 .text.HAL_UART_MspInit
                0x000000000800362c       0x70 Src/stm32f4xx_hal_msp.o
                0x000000000800362c                HAL_UART_MspInit
 .text.NMI_Handler
                0x000000000800369c        0x2 Src/stm32f4xx_it.o
                0x000000000800369c                NMI_Handler
 .text.HardFault_Handler
                0x000000000800369e        0x2 Src/stm32f4xx_it.o
                0x000000000800369e                HardFault_Handler
 .text.MemManage_Handler
                0x00000000080036a0        0x2 Src/stm32f4xx_it.o
                0x00000000080036a0                MemManage_Handler
 .text.BusFault_Handler
                0x00000000080036a2        0x2 Src/stm32f4xx_it.o
                0x00000000080036a2                BusFault_Handler
 .text.UsageFault_Handler
                0x00000000080036a4        0x2 Src/stm32f4xx_it.o
                0x00000000080036a4                UsageFault_Handler
 .text.SVC_Handler
                0x00000000080036a6        0x2 Src/stm32f4xx_it.o
                0x00000000080036a6                SVC_Handler
 .text.DebugMon_Handler
                0x00000000080036a8        0x2 Src/stm32f4xx_it.o
                0x00000000080036a8                DebugMon_Handler
 .text.PendSV_Handler
                0x00000000080036aa        0x2 Src/stm32f4xx_it.o
                0x00000000080036aa                PendSV_Handler
 .text.SysTick_Handler
                0x00000000080036ac        0x4 Src/stm32f4xx_it.o
                0x00000000080036ac                SysTick_Handler
 .text._sbrk    0x00000000080036b0       0x34 Src/syscalls.o
                0x00000000080036b0                _sbrk
 .text.SystemInit
                0x00000000080036e4       0x4c Src/system_stm32f4xx.o
                0x00000000080036e4                SystemInit
 .text.Reset_Handler
                0x0000000008003730       0x50 startup/startup_stm32f401xe.o
                0x0000000008003730                Reset_Handler
 .text.Default_Handler
                0x0000000008003780        0x2 startup/startup_stm32f401xe.o
                0x0000000008003780                RTC_Alarm_IRQHandler
                0x0000000008003780                EXTI2_IRQHandler
                0x0000000008003780                SPI4_IRQHandler
                0x0000000008003780                TIM1_CC_IRQHandler
                0x0000000008003780                DMA2_Stream5_IRQHandler
                0x0000000008003780                DMA1_Stream5_IRQHandler
                0x0000000008003780                PVD_IRQHandler
                0x0000000008003780                SDIO_IRQHandler
                0x0000000008003780                TAMP_STAMP_IRQHandler
                0x0000000008003780                EXTI3_IRQHandler
                0x0000000008003780                TIM1_UP_TIM10_IRQHandler
                0x0000000008003780                I2C3_ER_IRQHandler
                0x0000000008003780                EXTI0_IRQHandler
                0x0000000008003780                I2C2_EV_IRQHandler
                0x0000000008003780                DMA1_Stream2_IRQHandler
                0x0000000008003780                FPU_IRQHandler
                0x0000000008003780                DMA2_Stream2_IRQHandler
                0x0000000008003780                SPI1_IRQHandler
                0x0000000008003780                TIM1_BRK_TIM9_IRQHandler
                0x0000000008003780                DMA2_Stream3_IRQHandler
                0x0000000008003780                USART6_IRQHandler
                0x0000000008003780                DMA2_Stream0_IRQHandler
                0x0000000008003780                TIM4_IRQHandler
                0x0000000008003780                I2C1_EV_IRQHandler
                0x0000000008003780                DMA1_Stream6_IRQHandler
                0x0000000008003780                DMA1_Stream1_IRQHandler
                0x0000000008003780                TIM3_IRQHandler
                0x0000000008003780                RCC_IRQHandler
                0x0000000008003780                Default_Handler
                0x0000000008003780                EXTI15_10_IRQHandler
                0x0000000008003780                ADC_IRQHandler
                0x0000000008003780                DMA1_Stream7_IRQHandler
                0x0000000008003780                TIM5_IRQHandler
                0x0000000008003780                DMA2_Stream7_IRQHandler
                0x0000000008003780                I2C3_EV_IRQHandler
                0x0000000008003780                EXTI9_5_IRQHandler
                0x0000000008003780                RTC_WKUP_IRQHandler
                0x0000000008003780                SPI2_IRQHandler
                0x0000000008003780                DMA1_Stream0_IRQHandler
                0x0000000008003780                EXTI4_IRQHandler
                0x0000000008003780                WWDG_IRQHandler
                0x0000000008003780                TIM2_IRQHandler
                0x0000000008003780                OTG_FS_WKUP_IRQHandler
                0x0000000008003780                TIM1_TRG_COM_TIM11_IRQHandler
                0x0000000008003780                EXTI1_IRQHandler
                0x0000000008003780                USART2_IRQHandler
                0x0000000008003780                I2C2_ER_IRQHandler
                0x0000000008003780                DMA2_Stream1_IRQHandler
                0x0000000008003780                FLASH_IRQHandler
                0x0000000008003780                DMA2_Stream4_IRQHandler
                0x0000000008003780                USART1_IRQHandler
                0x0000000008003780                OTG_FS_IRQHandler
                0x0000000008003780                SPI3_IRQHandler
                0x0000000008003780                DMA1_Stream4_IRQHandler
                0x0000000008003780                I2C1_ER_IRQHandler
                0x0000000008003780                DMA2_Stream6_IRQHandler
                0x0000000008003780                DMA1_Stream3_IRQHandler
 *fill*         0x0000000008003782        0x2 
 .text.__errno  0x0000000008003784        0xc /home/asus/program/TrueSTUDIO/ARMTools/bin/../lib/gcc/arm-atollic-eabi/6.3.1/../../../../arm-atollic-eabi/lib/armv7e-m/fpu/libc_nano.a(lib_a-errno.o)
                0x0000000008003784                __errno
 .text.__libc_init_array
                0x0000000008003790       0x48 /home/asus/program/TrueSTUDIO/ARMTools/bin/../lib/gcc/arm-atollic-eabi/6.3.1/../../../../arm-atollic-eabi/lib/armv7e-m/fpu/libc_nano.a(lib_a-init.o)
                0x0000000008003790                __libc_init_array
 .text.memcpy   0x00000000080037d8       0x16 /home/asus/program/TrueSTUDIO/ARMTools/bin/../lib/gcc/arm-atollic-eabi/6.3.1/../../../../arm-atollic-eabi/lib/armv7e-m/fpu/libc_nano.a(lib_a-memcpy-stub.o)
                0x00000000080037d8                memcpy
 .text.memset   0x00000000080037ee       0x10 /home/asus/program/TrueSTUDIO/ARMTools/bin/../lib/gcc/arm-atollic-eabi/6.3.1/../../../../arm-atollic-eabi/lib/armv7e-m/fpu/libc_nano.a(lib_a-memset.o)
                0x00000000080037ee                memset
 *fill*         0x00000000080037fe        0x2 
 .text.sprintf  0x0000000008003800       0x48 /home/asus/program/TrueSTUDIO/ARMTools/bin/../lib/gcc/arm-atollic-eabi/6.3.1/../../../../arm-atollic-eabi/lib/armv7e-m/fpu/libc_nano.a(lib_a-sprintf.o)
                0x0000000008003800                sprintf
                0x0000000008003800                siprintf
 .text.__ssputs_r
                0x0000000008003848       0xb6 /home/asus/program/TrueSTUDIO/ARMTools/bin/../lib/gcc/arm-atollic-eabi/6.3.1/../../../../arm-atollic-eabi/lib/armv7e-m/fpu/libc_nano.a(lib_a-nano-svfprintf.o)
                0x0000000008003848                __ssputs_r
 *fill*         0x00000000080038fe        0x2 
 .text._svfprintf_r
                0x0000000008003900      0x1e8 /home/asus/program/TrueSTUDIO/ARMTools/bin/../lib/gcc/arm-atollic-eabi/6.3.1/../../../../arm-atollic-eabi/lib/armv7e-m/fpu/libc_nano.a(lib_a-nano-svfprintf.o)
                0x0000000008003900                _svfprintf_r
                0x0000000008003900                _svfiprintf_r
 .text._printf_common
                0x0000000008003ae8       0xec /home/asus/program/TrueSTUDIO/ARMTools/bin/../lib/gcc/arm-atollic-eabi/6.3.1/../../../../arm-atollic-eabi/lib/armv7e-m/fpu/libc_nano.a(lib_a-nano-vfprintf_i.o)
                0x0000000008003ae8                _printf_common
 .text._printf_i
                0x0000000008003bd4      0x240 /home/asus/program/TrueSTUDIO/ARMTools/bin/../lib/gcc/arm-atollic-eabi/6.3.1/../../../../arm-atollic-eabi/lib/armv7e-m/fpu/libc_nano.a(lib_a-nano-vfprintf_i.o)
                0x0000000008003bd4                _printf_i
 .text.memmove  0x0000000008003e14       0x34 /home/asus/program/TrueSTUDIO/ARMTools/bin/../lib/gcc/arm-atollic-eabi/6.3.1/../../../../arm-atollic-eabi/lib/armv7e-m/fpu/libc_nano.a(lib_a-memmove.o)
                0x0000000008003e14                memmove
 .text._free_r  0x0000000008003e48       0x9c /home/asus/program/TrueSTUDIO/ARMTools/bin/../lib/gcc/arm-atollic-eabi/6.3.1/../../../../arm-atollic-eabi/lib/armv7e-m/fpu/libc_nano.a(lib_a-nano-freer.o)
                0x0000000008003e48                _free_r
 .text._malloc_r
                0x0000000008003ee4       0xbc /home/asus/program/TrueSTUDIO/ARMTools/bin/../lib/gcc/arm-atollic-eabi/6.3.1/../../../../arm-atollic-eabi/lib/armv7e-m/fpu/libc_nano.a(lib_a-nano-mallocr.o)
                0x0000000008003ee4                _malloc_r
 .text._realloc_r
                0x0000000008003fa0       0x4c /home/asus/program/TrueSTUDIO/ARMTools/bin/../lib/gcc/arm-atollic-eabi/6.3.1/../../../../arm-atollic-eabi/lib/armv7e-m/fpu/libc_nano.a(lib_a-nano-reallocr.o)
                0x0000000008003fa0                _realloc_r
 .text._sbrk_r  0x0000000008003fec       0x20 /home/asus/program/TrueSTUDIO/ARMTools/bin/../lib/gcc/arm-atollic-eabi/6.3.1/../../../../arm-atollic-eabi/lib/armv7e-m/fpu/libc_nano.a(lib_a-sbrkr.o)
                0x0000000008003fec                _sbrk_r
 .text.__malloc_lock
                0x000000000800400c        0x2 /home/asus/program/TrueSTUDIO/ARMTools/bin/../lib/gcc/arm-atollic-eabi/6.3.1/../../../../arm-atollic-eabi/lib/armv7e-m/fpu/libc_nano.a(lib_a-mlock.o)
                0x000000000800400c                __malloc_lock
 .text.__malloc_unlock
                0x000000000800400e        0x2 /home/asus/program/TrueSTUDIO/ARMTools/bin/../lib/gcc/arm-atollic-eabi/6.3.1/../../../../arm-atollic-eabi/lib/armv7e-m/fpu/libc_nano.a(lib_a-mlock.o)
                0x000000000800400e                __malloc_unlock
 .text._malloc_usable_size_r
                0x0000000008004010       0x12 /home/asus/program/TrueSTUDIO/ARMTools/bin/../lib/gcc/arm-atollic-eabi/6.3.1/../../../../arm-atollic-eabi/lib/armv7e-m/fpu/libc_nano.a(lib_a-nano-msizer.o)
                0x0000000008004010                _malloc_usable_size_r
 *(.glue_7)
 .glue_7        0x0000000008004022        0x0 linker stubs
 *(.glue_7t)
 .glue_7t       0x0000000008004022        0x0 linker stubs
 *(.eh_frame)
 *fill*         0x0000000008004022        0x2 
 .eh_frame      0x0000000008004024        0x0 /home/asus/program/TrueSTUDIO/ARMTools/bin/../lib/gcc/arm-atollic-eabi/6.3.1/armv7e-m/fpu/crtbegin.o
 *(.init)
 .init          0x0000000008004024        0x4 /home/asus/program/TrueSTUDIO/ARMTools/bin/../lib/gcc/arm-atollic-eabi/6.3.1/armv7e-m/fpu/crti.o
                0x0000000008004024                _init
 .init          0x0000000008004028        0x8 /home/asus/program/TrueSTUDIO/ARMTools/bin/../lib/gcc/arm-atollic-eabi/6.3.1/armv7e-m/fpu/crtn.o
 *(.fini)
 .fini          0x0000000008004030        0x4 /home/asus/program/TrueSTUDIO/ARMTools/bin/../lib/gcc/arm-atollic-eabi/6.3.1/armv7e-m/fpu/crti.o
                0x0000000008004030                _fini
 .fini          0x0000000008004034        0x8 /home/asus/program/TrueSTUDIO/ARMTools/bin/../lib/gcc/arm-atollic-eabi/6.3.1/armv7e-m/fpu/crtn.o
                0x000000000800403c                . = ALIGN (0x4)
                0x000000000800403c                _etext = .

.vfp11_veneer   0x000000000800403c        0x0
 .vfp11_veneer  0x000000000800403c        0x0 linker stubs

.v4_bx          0x000000000800403c        0x0
 .v4_bx         0x000000000800403c        0x0 linker stubs

.iplt           0x000000000800403c        0x0
 .iplt          0x000000000800403c        0x0 /home/asus/program/TrueSTUDIO/ARMTools/bin/../lib/gcc/arm-atollic-eabi/6.3.1/armv7e-m/fpu/crtbegin.o

.rodata         0x000000000800403c      0x29c
                0x000000000800403c                . = ALIGN (0x4)
 *(.rodata)
 .rodata        0x000000000800403c      0x230 Src/main.o
 *(.rodata*)
 .rodata.main.str1.1
                0x000000000800426c       0x21 Src/main.o
 .rodata.AHBPrescTable
                0x000000000800428d       0x10 Src/system_stm32f4xx.o
                0x000000000800428d                AHBPrescTable
 .rodata.APBPrescTable
                0x000000000800429d        0x8 Src/system_stm32f4xx.o
                0x000000000800429d                APBPrescTable
 .rodata._svfprintf_r.str1.1
                0x00000000080042a5       0x11 /home/asus/program/TrueSTUDIO/ARMTools/bin/../lib/gcc/arm-atollic-eabi/6.3.1/../../../../arm-atollic-eabi/lib/armv7e-m/fpu/libc_nano.a(lib_a-nano-svfprintf.o)
 .rodata._printf_i.str1.1
                0x00000000080042b6       0x22 /home/asus/program/TrueSTUDIO/ARMTools/bin/../lib/gcc/arm-atollic-eabi/6.3.1/../../../../arm-atollic-eabi/lib/armv7e-m/fpu/libc_nano.a(lib_a-nano-vfprintf_i.o)
                0x00000000080042d8                . = ALIGN (0x4)

.ARM.extab
 *(.ARM.extab* .gnu.linkonce.armextab.*)

.ARM            0x00000000080042d8        0x8
                0x00000000080042d8                __exidx_start = .
 *(.ARM.exidx*)
 .ARM.exidx     0x00000000080042d8        0x8 /home/asus/program/TrueSTUDIO/ARMTools/bin/../lib/gcc/arm-atollic-eabi/6.3.1/armv7e-m/fpu/libgcc.a(_udivmoddi4.o)
                0x00000000080042e0                __exidx_end = .

.rel.dyn        0x00000000080042e0        0x0
 .rel.iplt      0x00000000080042e0        0x0 /home/asus/program/TrueSTUDIO/ARMTools/bin/../lib/gcc/arm-atollic-eabi/6.3.1/armv7e-m/fpu/crtbegin.o

.preinit_array  0x00000000080042e0        0x0
                0x00000000080042e0                PROVIDE (__preinit_array_start, .)
 *(.preinit_array*)
                0x00000000080042e0                PROVIDE (__preinit_array_end, .)

.init_array     0x00000000080042e0        0x4
                0x00000000080042e0                PROVIDE (__init_array_start, .)
 *(SORT(.init_array.*))
 *(.init_array*)
 .init_array    0x00000000080042e0        0x4 /home/asus/program/TrueSTUDIO/ARMTools/bin/../lib/gcc/arm-atollic-eabi/6.3.1/armv7e-m/fpu/crtbegin.o
                0x00000000080042e4                PROVIDE (__init_array_end, .)

.fini_array     0x00000000080042e4        0x4
                [!provide]                        PROVIDE (__fini_array_start, .)
 *(SORT(.fini_array.*))
 *(.fini_array*)
 .fini_array    0x00000000080042e4        0x4 /home/asus/program/TrueSTUDIO/ARMTools/bin/../lib/gcc/arm-atollic-eabi/6.3.1/armv7e-m/fpu/crtbegin.o
                [!provide]                        PROVIDE (__fini_array_end, .)
                0x00000000080042e8                _sidata = LOADADDR (.data)

.data           0x0000000020000000       0x78 load address 0x00000000080042e8
                0x0000000020000000                . = ALIGN (0x4)
                0x0000000020000000                _sdata = .
 *(.data)
 *(.data*)
 .data.uwTickFreq
                0x0000000020000000        0x1 Drivers/STM32F4xx_HAL_Driver/Src/stm32f4xx_hal.o
                0x0000000020000000                uwTickFreq
 *fill*         0x0000000020000001        0x3 
 .data.uwTickPrio
                0x0000000020000004        0x4 Drivers/STM32F4xx_HAL_Driver/Src/stm32f4xx_hal.o
                0x0000000020000004                uwTickPrio
 .data.DisplayControl
                0x0000000020000008        0x1 Src/MCP23017_LCD1602A/LCD16X2.o
 .data.FunctionSet
                0x0000000020000009        0x1 Src/MCP23017_LCD1602A/LCD16X2.o
 .data.mode_8_4_I2C
                0x000000002000000a        0x1 Src/MCP23017_LCD1602A/LCD16X2.o
 *fill*         0x000000002000000b        0x1 
 .data.writeTimeConstant
                0x000000002000000c        0x4 Src/MCP23017_LCD1602A/LCD16X2.o
                0x000000002000000c                writeTimeConstant
 .data.SystemCoreClock
                0x0000000020000010        0x4 Src/system_stm32f4xx.o
                0x0000000020000010                SystemCoreClock
 .data._impure_ptr
                0x0000000020000014        0x4 /home/asus/program/TrueSTUDIO/ARMTools/bin/../lib/gcc/arm-atollic-eabi/6.3.1/../../../../arm-atollic-eabi/lib/armv7e-m/fpu/libc_nano.a(lib_a-impure.o)
                0x0000000020000014                _impure_ptr
 .data.impure_data
                0x0000000020000018       0x60 /home/asus/program/TrueSTUDIO/ARMTools/bin/../lib/gcc/arm-atollic-eabi/6.3.1/../../../../arm-atollic-eabi/lib/armv7e-m/fpu/libc_nano.a(lib_a-impure.o)
                0x0000000020000078                . = ALIGN (0x4)
                0x0000000020000078                _edata = .

.igot.plt       0x0000000020000078        0x0 load address 0x0000000008004360
 .igot.plt      0x0000000020000078        0x0 /home/asus/program/TrueSTUDIO/ARMTools/bin/../lib/gcc/arm-atollic-eabi/6.3.1/armv7e-m/fpu/crtbegin.o
                0x0000000020000078                . = ALIGN (0x4)

.bss            0x0000000020000078      0x230 load address 0x0000000008004360
                0x0000000020000078                _sbss = .
                0x0000000020000078                __bss_start__ = _sbss
 *(.bss)
 .bss           0x0000000020000078       0x1c /home/asus/program/TrueSTUDIO/ARMTools/bin/../lib/gcc/arm-atollic-eabi/6.3.1/armv7e-m/fpu/crtbegin.o
 *(.bss*)
 .bss.DevAddress
                0x0000000020000094        0x2 Src/MCP23017_LCD1602A/LCD16X2.o
 .bss.GPIO_Pin_LED
                0x0000000020000096        0x2 Src/MCP23017_LCD1602A/LCD16X2.o
 .bss.GPIOx     0x0000000020000098        0x4 Src/MCP23017_LCD1602A/LCD16X2.o
 .bss.Timeout   0x000000002000009c        0x4 Src/MCP23017_LCD1602A/LCD16X2.o
 .bss.hi2c1     0x00000000200000a0       0x54 Src/MCP23017_LCD1602A/LCD16X2.o
 .bss.pData_A_side
                0x00000000200000f4        0x2 Src/MCP23017_LCD1602A/LCD16X2.o
 .bss.pData_B_side
                0x00000000200000f6        0x2 Src/MCP23017_LCD1602A/LCD16X2.o
 .bss.GPIO_Pin  0x00000000200000f8        0x2 Src/MCP3008/MCP3008.o
 *fill*         0x00000000200000fa        0x2 
 .bss.GPIOx     0x00000000200000fc        0x4 Src/MCP3008/MCP3008.o
 .bss.hspi      0x0000000020000100       0x58 Src/MCP3008/MCP3008.o
 .bss.heap_end.7010
                0x0000000020000158        0x4 Src/syscalls.o
 .bss.__malloc_free_list
                0x000000002000015c        0x4 /home/asus/program/TrueSTUDIO/ARMTools/bin/../lib/gcc/arm-atollic-eabi/6.3.1/../../../../arm-atollic-eabi/lib/armv7e-m/fpu/libc_nano.a(lib_a-nano-mallocr.o)
                0x000000002000015c                __malloc_free_list
 .bss.__malloc_sbrk_start
                0x0000000020000160        0x4 /home/asus/program/TrueSTUDIO/ARMTools/bin/../lib/gcc/arm-atollic-eabi/6.3.1/../../../../arm-atollic-eabi/lib/armv7e-m/fpu/libc_nano.a(lib_a-nano-mallocr.o)
                0x0000000020000160                __malloc_sbrk_start
 *(COMMON)
 COMMON         0x0000000020000164        0x4 Drivers/STM32F4xx_HAL_Driver/Src/stm32f4xx_hal.o
                0x0000000020000164                uwTick
 COMMON         0x0000000020000168       0x10 Src/LQGI/Linear_Quadratic_Gaussian_Integral_Regulator.o
                0x0000000020000168                ydim
                0x000000002000016c                xn
                0x0000000020000170                rdim
                0x0000000020000174                adim
 COMMON         0x0000000020000178      0x12c Src/main.o
                0x0000000020000178                hi2c1
                0x00000000200001cc                htim1
                0x000000002000020c                hspi1
                0x0000000020000264                huart2
 COMMON         0x00000000200002a4        0x4 /home/asus/program/TrueSTUDIO/ARMTools/bin/../lib/gcc/arm-atollic-eabi/6.3.1/../../../../arm-atollic-eabi/lib/armv7e-m/fpu/libc_nano.a(lib_a-reent.o)
                0x00000000200002a4                errno
                0x00000000200002a8                . = ALIGN (0x4)
                0x00000000200002a8                _ebss = .
                0x00000000200002a8                __bss_end__ = _ebss

._user_heap_stack
                0x00000000200002a8      0x600 load address 0x0000000008004360
                0x00000000200002a8                . = ALIGN (0x4)
                0x00000000200002a8                PROVIDE (end, .)
                [!provide]                        PROVIDE (_end, .)
                0x00000000200004a8                . = (. + _Min_Heap_Size)
 *fill*         0x00000000200002a8      0x200 
                0x00000000200008a8                . = (. + _Min_Stack_Size)
 *fill*         0x00000000200004a8      0x400 
                0x00000000200008a8                . = ALIGN (0x4)

/DISCARD/
 libc.a(*)
 libm.a(*)
 libgcc.a(*)

.ARM.attributes
                0x0000000000000000       0x30
 *(.ARM.attributes)
 .ARM.attributes
                0x0000000000000000       0x22 /home/asus/program/TrueSTUDIO/ARMTools/bin/../lib/gcc/arm-atollic-eabi/6.3.1/armv7e-m/fpu/crti.o
 .ARM.attributes
                0x0000000000000022       0x34 /home/asus/program/TrueSTUDIO/ARMTools/bin/../lib/gcc/arm-atollic-eabi/6.3.1/armv7e-m/fpu/crtbegin.o
 .ARM.attributes
                0x0000000000000056       0x39 Drivers/STM32F4xx_HAL_Driver/Src/stm32f4xx_hal.o
 .ARM.attributes
                0x000000000000008f       0x39 Drivers/STM32F4xx_HAL_Driver/Src/stm32f4xx_hal_cortex.o
 .ARM.attributes
                0x00000000000000c8       0x39 Drivers/STM32F4xx_HAL_Driver/Src/stm32f4xx_hal_gpio.o
 .ARM.attributes
                0x0000000000000101       0x39 Drivers/STM32F4xx_HAL_Driver/Src/stm32f4xx_hal_i2c.o
 .ARM.attributes
                0x000000000000013a       0x39 Drivers/STM32F4xx_HAL_Driver/Src/stm32f4xx_hal_rcc.o
 .ARM.attributes
                0x0000000000000173       0x39 Drivers/STM32F4xx_HAL_Driver/Src/stm32f4xx_hal_spi.o
 .ARM.attributes
                0x00000000000001ac       0x39 Drivers/STM32F4xx_HAL_Driver/Src/stm32f4xx_hal_tim.o
 .ARM.attributes
                0x00000000000001e5       0x39 Drivers/STM32F4xx_HAL_Driver/Src/stm32f4xx_hal_tim_ex.o
 .ARM.attributes
                0x000000000000021e       0x39 Drivers/STM32F4xx_HAL_Driver/Src/stm32f4xx_hal_uart.o
 .ARM.attributes
                0x0000000000000257       0x39 Src/LQGI/Linear_Quadratic_Gaussian_Integral_Regulator.o
 .ARM.attributes
                0x0000000000000290       0x39 Src/MCP23017_LCD1602A/LCD16X2.o
 .ARM.attributes
                0x00000000000002c9       0x39 Src/MCP3008/MCP3008.o
 .ARM.attributes
                0x0000000000000302       0x39 Src/main.o
 .ARM.attributes
                0x000000000000033b       0x39 Src/stm32f4xx_hal_msp.o
 .ARM.attributes
                0x0000000000000374       0x39 Src/stm32f4xx_it.o
 .ARM.attributes
                0x00000000000003ad       0x39 Src/syscalls.o
 .ARM.attributes
                0x00000000000003e6       0x39 Src/system_stm32f4xx.o
 .ARM.attributes
                0x000000000000041f       0x21 startup/startup_stm32f401xe.o
 .ARM.attributes
                0x0000000000000440       0x34 /home/asus/program/TrueSTUDIO/ARMTools/bin/../lib/gcc/arm-atollic-eabi/6.3.1/../../../../arm-atollic-eabi/lib/armv7e-m/fpu/libc_nano.a(lib_a-errno.o)
 .ARM.attributes
                0x0000000000000474       0x34 /home/asus/program/TrueSTUDIO/ARMTools/bin/../lib/gcc/arm-atollic-eabi/6.3.1/../../../../arm-atollic-eabi/lib/armv7e-m/fpu/libc_nano.a(lib_a-impure.o)
 .ARM.attributes
                0x00000000000004a8       0x34 /home/asus/program/TrueSTUDIO/ARMTools/bin/../lib/gcc/arm-atollic-eabi/6.3.1/../../../../arm-atollic-eabi/lib/armv7e-m/fpu/libc_nano.a(lib_a-init.o)
 .ARM.attributes
                0x00000000000004dc       0x34 /home/asus/program/TrueSTUDIO/ARMTools/bin/../lib/gcc/arm-atollic-eabi/6.3.1/../../../../arm-atollic-eabi/lib/armv7e-m/fpu/libc_nano.a(lib_a-memcpy-stub.o)
 .ARM.attributes
                0x0000000000000510       0x34 /home/asus/program/TrueSTUDIO/ARMTools/bin/../lib/gcc/arm-atollic-eabi/6.3.1/../../../../arm-atollic-eabi/lib/armv7e-m/fpu/libc_nano.a(lib_a-memset.o)
 .ARM.attributes
                0x0000000000000544       0x34 /home/asus/program/TrueSTUDIO/ARMTools/bin/../lib/gcc/arm-atollic-eabi/6.3.1/../../../../arm-atollic-eabi/lib/armv7e-m/fpu/libc_nano.a(lib_a-sprintf.o)
 .ARM.attributes
                0x0000000000000578       0x34 /home/asus/program/TrueSTUDIO/ARMTools/bin/../lib/gcc/arm-atollic-eabi/6.3.1/../../../../arm-atollic-eabi/lib/armv7e-m/fpu/libc_nano.a(lib_a-nano-svfprintf.o)
 .ARM.attributes
                0x00000000000005ac       0x34 /home/asus/program/TrueSTUDIO/ARMTools/bin/../lib/gcc/arm-atollic-eabi/6.3.1/../../../../arm-atollic-eabi/lib/armv7e-m/fpu/libc_nano.a(lib_a-nano-vfprintf_i.o)
 .ARM.attributes
                0x00000000000005e0       0x20 /home/asus/program/TrueSTUDIO/ARMTools/bin/../lib/gcc/arm-atollic-eabi/6.3.1/../../../../arm-atollic-eabi/lib/armv7e-m/fpu/libc_nano.a(lib_a-memchr.o)
 .ARM.attributes
                0x0000000000000600       0x34 /home/asus/program/TrueSTUDIO/ARMTools/bin/../lib/gcc/arm-atollic-eabi/6.3.1/../../../../arm-atollic-eabi/lib/armv7e-m/fpu/libc_nano.a(lib_a-memmove.o)
 .ARM.attributes
                0x0000000000000634       0x34 /home/asus/program/TrueSTUDIO/ARMTools/bin/../lib/gcc/arm-atollic-eabi/6.3.1/../../../../arm-atollic-eabi/lib/armv7e-m/fpu/libc_nano.a(lib_a-nano-freer.o)
 .ARM.attributes
                0x0000000000000668       0x34 /home/asus/program/TrueSTUDIO/ARMTools/bin/../lib/gcc/arm-atollic-eabi/6.3.1/../../../../arm-atollic-eabi/lib/armv7e-m/fpu/libc_nano.a(lib_a-nano-mallocr.o)
 .ARM.attributes
                0x000000000000069c       0x34 /home/asus/program/TrueSTUDIO/ARMTools/bin/../lib/gcc/arm-atollic-eabi/6.3.1/../../../../arm-atollic-eabi/lib/armv7e-m/fpu/libc_nano.a(lib_a-nano-reallocr.o)
 .ARM.attributes
                0x00000000000006d0       0x34 /home/asus/program/TrueSTUDIO/ARMTools/bin/../lib/gcc/arm-atollic-eabi/6.3.1/../../../../arm-atollic-eabi/lib/armv7e-m/fpu/libc_nano.a(lib_a-sbrkr.o)
 .ARM.attributes
                0x0000000000000704       0x34 /home/asus/program/TrueSTUDIO/ARMTools/bin/../lib/gcc/arm-atollic-eabi/6.3.1/../../../../arm-atollic-eabi/lib/armv7e-m/fpu/libc_nano.a(lib_a-mlock.o)
 .ARM.attributes
                0x0000000000000738       0x34 /home/asus/program/TrueSTUDIO/ARMTools/bin/../lib/gcc/arm-atollic-eabi/6.3.1/../../../../arm-atollic-eabi/lib/armv7e-m/fpu/libc_nano.a(lib_a-nano-msizer.o)
 .ARM.attributes
                0x000000000000076c       0x34 /home/asus/program/TrueSTUDIO/ARMTools/bin/../lib/gcc/arm-atollic-eabi/6.3.1/../../../../arm-atollic-eabi/lib/armv7e-m/fpu/libc_nano.a(lib_a-reent.o)
 .ARM.attributes
                0x00000000000007a0       0x22 /home/asus/program/TrueSTUDIO/ARMTools/bin/../lib/gcc/arm-atollic-eabi/6.3.1/armv7e-m/fpu/libgcc.a(_arm_addsubdf3.o)
 .ARM.attributes
                0x00000000000007c2       0x22 /home/asus/program/TrueSTUDIO/ARMTools/bin/../lib/gcc/arm-atollic-eabi/6.3.1/armv7e-m/fpu/libgcc.a(_arm_muldivdf3.o)
 .ARM.attributes
                0x00000000000007e4       0x22 /home/asus/program/TrueSTUDIO/ARMTools/bin/../lib/gcc/arm-atollic-eabi/6.3.1/armv7e-m/fpu/libgcc.a(_arm_fixunsdfsi.o)
 .ARM.attributes
                0x0000000000000806       0x22 /home/asus/program/TrueSTUDIO/ARMTools/bin/../lib/gcc/arm-atollic-eabi/6.3.1/armv7e-m/fpu/libgcc.a(_aeabi_uldivmod.o)
 .ARM.attributes
                0x0000000000000828       0x34 /home/asus/program/TrueSTUDIO/ARMTools/bin/../lib/gcc/arm-atollic-eabi/6.3.1/armv7e-m/fpu/libgcc.a(_udivmoddi4.o)
 .ARM.attributes
                0x000000000000085c       0x22 /home/asus/program/TrueSTUDIO/ARMTools/bin/../lib/gcc/arm-atollic-eabi/6.3.1/armv7e-m/fpu/libgcc.a(_dvmd_tls.o)
 .ARM.attributes
                0x000000000000087e       0x22 /home/asus/program/TrueSTUDIO/ARMTools/bin/../lib/gcc/arm-atollic-eabi/6.3.1/armv7e-m/fpu/crtn.o
OUTPUT(STM32F401RE - Linear Quadratic Gaussian Integral Control.elf elf32-littlearm)

.debug_info     0x0000000000000000    0x160f8
 .debug_info    0x0000000000000000      0x97d Drivers/STM32F4xx_HAL_Driver/Src/stm32f4xx_hal.o
 .debug_info    0x000000000000097d      0xea3 Drivers/STM32F4xx_HAL_Driver/Src/stm32f4xx_hal_cortex.o
 .debug_info    0x0000000000001820      0x79c Drivers/STM32F4xx_HAL_Driver/Src/stm32f4xx_hal_gpio.o
 .debug_info    0x0000000000001fbc     0x3354 Drivers/STM32F4xx_HAL_Driver/Src/stm32f4xx_hal_i2c.o
 .debug_info    0x0000000000005310      0xa81 Drivers/STM32F4xx_HAL_Driver/Src/stm32f4xx_hal_rcc.o
 .debug_info    0x0000000000005d91     0x1d92 Drivers/STM32F4xx_HAL_Driver/Src/stm32f4xx_hal_spi.o
 .debug_info    0x0000000000007b23     0x34c7 Drivers/STM32F4xx_HAL_Driver/Src/stm32f4xx_hal_tim.o
 .debug_info    0x000000000000afea     0x12f6 Drivers/STM32F4xx_HAL_Driver/Src/stm32f4xx_hal_tim_ex.o
 .debug_info    0x000000000000c2e0     0x16c1 Drivers/STM32F4xx_HAL_Driver/Src/stm32f4xx_hal_uart.o
 .debug_info    0x000000000000d9a1     0x10e8 Src/LQGI/Linear_Quadratic_Gaussian_Integral_Regulator.o
 .debug_info    0x000000000000ea89     0x1ddb Src/MCP23017_LCD1602A/LCD16X2.o
 .debug_info    0x0000000000010864      0x857 Src/MCP3008/MCP3008.o
 .debug_info    0x00000000000110bb     0x24c9 Src/main.o
 .debug_info    0x0000000000013584     0x13fa Src/stm32f4xx_hal_msp.o
 .debug_info    0x000000000001497e      0x1b7 Src/stm32f4xx_it.o
 .debug_info    0x0000000000014b35      0xfe1 Src/syscalls.o
 .debug_info    0x0000000000015b16      0x534 Src/system_stm32f4xx.o
 .debug_info    0x000000000001604a       0xae startup/startup_stm32f401xe.o

.debug_abbrev   0x0000000000000000     0x2d2b
 .debug_abbrev  0x0000000000000000      0x268 Drivers/STM32F4xx_HAL_Driver/Src/stm32f4xx_hal.o
 .debug_abbrev  0x0000000000000268      0x314 Drivers/STM32F4xx_HAL_Driver/Src/stm32f4xx_hal_cortex.o
 .debug_abbrev  0x000000000000057c      0x1ef Drivers/STM32F4xx_HAL_Driver/Src/stm32f4xx_hal_gpio.o
 .debug_abbrev  0x000000000000076b      0x3a8 Drivers/STM32F4xx_HAL_Driver/Src/stm32f4xx_hal_i2c.o
 .debug_abbrev  0x0000000000000b13      0x2cb Drivers/STM32F4xx_HAL_Driver/Src/stm32f4xx_hal_rcc.o
 .debug_abbrev  0x0000000000000dde      0x335 Drivers/STM32F4xx_HAL_Driver/Src/stm32f4xx_hal_spi.o
 .debug_abbrev  0x0000000000001113      0x333 Drivers/STM32F4xx_HAL_Driver/Src/stm32f4xx_hal_tim.o
 .debug_abbrev  0x0000000000001446      0x2ab Drivers/STM32F4xx_HAL_Driver/Src/stm32f4xx_hal_tim_ex.o
 .debug_abbrev  0x00000000000016f1      0x30a Drivers/STM32F4xx_HAL_Driver/Src/stm32f4xx_hal_uart.o
 .debug_abbrev  0x00000000000019fb      0x2cb Src/LQGI/Linear_Quadratic_Gaussian_Integral_Regulator.o
 .debug_abbrev  0x0000000000001cc6      0x415 Src/MCP23017_LCD1602A/LCD16X2.o
 .debug_abbrev  0x00000000000020db      0x1d9 Src/MCP3008/MCP3008.o
 .debug_abbrev  0x00000000000022b4      0x346 Src/main.o
 .debug_abbrev  0x00000000000025fa      0x23e Src/stm32f4xx_hal_msp.o
 .debug_abbrev  0x0000000000002838       0xfa Src/stm32f4xx_it.o
 .debug_abbrev  0x0000000000002932      0x2d9 Src/syscalls.o
 .debug_abbrev  0x0000000000002c0b      0x10e Src/system_stm32f4xx.o
 .debug_abbrev  0x0000000000002d19       0x12 startup/startup_stm32f401xe.o

.debug_loc      0x0000000000000000     0xb143
 .debug_loc     0x0000000000000000      0x11b Drivers/STM32F4xx_HAL_Driver/Src/stm32f4xx_hal.o
 .debug_loc     0x000000000000011b      0x4fb Drivers/STM32F4xx_HAL_Driver/Src/stm32f4xx_hal_cortex.o
 .debug_loc     0x0000000000000616      0x321 Drivers/STM32F4xx_HAL_Driver/Src/stm32f4xx_hal_gpio.o
 .debug_loc     0x0000000000000937     0x2f30 Drivers/STM32F4xx_HAL_Driver/Src/stm32f4xx_hal_i2c.o
 .debug_loc     0x0000000000003867      0x336 Drivers/STM32F4xx_HAL_Driver/Src/stm32f4xx_hal_rcc.o
 .debug_loc     0x0000000000003b9d     0x1830 Drivers/STM32F4xx_HAL_Driver/Src/stm32f4xx_hal_spi.o
 .debug_loc     0x00000000000053cd     0x2f57 Drivers/STM32F4xx_HAL_Driver/Src/stm32f4xx_hal_tim.o
 .debug_loc     0x0000000000008324      0xa7c Drivers/STM32F4xx_HAL_Driver/Src/stm32f4xx_hal_tim_ex.o
 .debug_loc     0x0000000000008da0     0x1335 Drivers/STM32F4xx_HAL_Driver/Src/stm32f4xx_hal_uart.o
 .debug_loc     0x000000000000a0d5      0x656 Src/LQGI/Linear_Quadratic_Gaussian_Integral_Regulator.o
 .debug_loc     0x000000000000a72b      0x310 Src/MCP23017_LCD1602A/LCD16X2.o
 .debug_loc     0x000000000000aa3b       0x21 Src/MCP3008/MCP3008.o
 .debug_loc     0x000000000000aa5c       0xa8 Src/main.o
 .debug_loc     0x000000000000ab04      0x134 Src/stm32f4xx_hal_msp.o
 .debug_loc     0x000000000000ac38      0x3ef Src/syscalls.o
 .debug_loc     0x000000000000b027      0x11c Src/system_stm32f4xx.o

.debug_aranges  0x0000000000000000      0xda8
 .debug_aranges
                0x0000000000000000       0xe8 Drivers/STM32F4xx_HAL_Driver/Src/stm32f4xx_hal.o
 .debug_aranges
                0x00000000000000e8       0xa8 Drivers/STM32F4xx_HAL_Driver/Src/stm32f4xx_hal_cortex.o
 .debug_aranges
                0x0000000000000190       0x58 Drivers/STM32F4xx_HAL_Driver/Src/stm32f4xx_hal_gpio.o
 .debug_aranges
                0x00000000000001e8      0x1b0 Drivers/STM32F4xx_HAL_Driver/Src/stm32f4xx_hal_i2c.o
 .debug_aranges
                0x0000000000000398       0x88 Drivers/STM32F4xx_HAL_Driver/Src/stm32f4xx_hal_rcc.o
 .debug_aranges
                0x0000000000000420      0x188 Drivers/STM32F4xx_HAL_Driver/Src/stm32f4xx_hal_spi.o
 .debug_aranges
                0x00000000000005a8      0x278 Drivers/STM32F4xx_HAL_Driver/Src/stm32f4xx_hal_tim.o
 .debug_aranges
                0x0000000000000820       0xf8 Drivers/STM32F4xx_HAL_Driver/Src/stm32f4xx_hal_tim_ex.o
 .debug_aranges
                0x0000000000000918      0x170 Drivers/STM32F4xx_HAL_Driver/Src/stm32f4xx_hal_uart.o
 .debug_aranges
                0x0000000000000a88       0x28 Src/LQGI/Linear_Quadratic_Gaussian_Integral_Regulator.o
 .debug_aranges
                0x0000000000000ab0       0xf0 Src/MCP23017_LCD1602A/LCD16X2.o
 .debug_aranges
                0x0000000000000ba0       0x28 Src/MCP3008/MCP3008.o
 .debug_aranges
                0x0000000000000bc8       0x30 Src/main.o
 .debug_aranges
                0x0000000000000bf8       0x68 Src/stm32f4xx_hal_msp.o
 .debug_aranges
                0x0000000000000c60       0x48 Src/stm32f4xx_it.o
 .debug_aranges
                0x0000000000000ca8       0xb0 Src/syscalls.o
 .debug_aranges
                0x0000000000000d58       0x28 Src/system_stm32f4xx.o
 .debug_aranges
                0x0000000000000d80       0x28 startup/startup_stm32f401xe.o

.debug_ranges   0x0000000000000000     0x1450
 .debug_ranges  0x0000000000000000       0xd8 Drivers/STM32F4xx_HAL_Driver/Src/stm32f4xx_hal.o
 .debug_ranges  0x00000000000000d8      0x128 Drivers/STM32F4xx_HAL_Driver/Src/stm32f4xx_hal_cortex.o
 .debug_ranges  0x0000000000000200       0x68 Drivers/STM32F4xx_HAL_Driver/Src/stm32f4xx_hal_gpio.o
 .debug_ranges  0x0000000000000268      0x3d0 Drivers/STM32F4xx_HAL_Driver/Src/stm32f4xx_hal_i2c.o
 .debug_ranges  0x0000000000000638       0xb0 Drivers/STM32F4xx_HAL_Driver/Src/stm32f4xx_hal_rcc.o
 .debug_ranges  0x00000000000006e8      0x238 Drivers/STM32F4xx_HAL_Driver/Src/stm32f4xx_hal_spi.o
 .debug_ranges  0x0000000000000920      0x340 Drivers/STM32F4xx_HAL_Driver/Src/stm32f4xx_hal_tim.o
 .debug_ranges  0x0000000000000c60       0xe8 Drivers/STM32F4xx_HAL_Driver/Src/stm32f4xx_hal_tim_ex.o
 .debug_ranges  0x0000000000000d48      0x178 Drivers/STM32F4xx_HAL_Driver/Src/stm32f4xx_hal_uart.o
 .debug_ranges  0x0000000000000ec0       0xe8 Src/LQGI/Linear_Quadratic_Gaussian_Integral_Regulator.o
 .debug_ranges  0x0000000000000fa8      0x170 Src/MCP23017_LCD1602A/LCD16X2.o
 .debug_ranges  0x0000000000001118       0x18 Src/MCP3008/MCP3008.o
 .debug_ranges  0x0000000000001130      0x140 Src/main.o
 .debug_ranges  0x0000000000001270       0xd0 Src/stm32f4xx_hal_msp.o
 .debug_ranges  0x0000000000001340       0x38 Src/stm32f4xx_it.o
 .debug_ranges  0x0000000000001378       0xa0 Src/syscalls.o
 .debug_ranges  0x0000000000001418       0x18 Src/system_stm32f4xx.o
 .debug_ranges  0x0000000000001430       0x20 startup/startup_stm32f401xe.o

.debug_line     0x0000000000000000     0x7301
 .debug_line    0x0000000000000000      0x3e3 Drivers/STM32F4xx_HAL_Driver/Src/stm32f4xx_hal.o
 .debug_line    0x00000000000003e3      0x41e Drivers/STM32F4xx_HAL_Driver/Src/stm32f4xx_hal_cortex.o
 .debug_line    0x0000000000000801      0x391 Drivers/STM32F4xx_HAL_Driver/Src/stm32f4xx_hal_gpio.o
 .debug_line    0x0000000000000b92     0x1bb9 Drivers/STM32F4xx_HAL_Driver/Src/stm32f4xx_hal_i2c.o
 .debug_line    0x000000000000274b      0x4bc Drivers/STM32F4xx_HAL_Driver/Src/stm32f4xx_hal_rcc.o
 .debug_line    0x0000000000002c07      0xb43 Drivers/STM32F4xx_HAL_Driver/Src/stm32f4xx_hal_spi.o
 .debug_line    0x000000000000374a     0x1093 Drivers/STM32F4xx_HAL_Driver/Src/stm32f4xx_hal_tim.o
 .debug_line    0x00000000000047dd      0x645 Drivers/STM32F4xx_HAL_Driver/Src/stm32f4xx_hal_tim_ex.o
 .debug_line    0x0000000000004e22      0xb3e Drivers/STM32F4xx_HAL_Driver/Src/stm32f4xx_hal_uart.o
 .debug_line    0x0000000000005960      0x1b2 Src/LQGI/Linear_Quadratic_Gaussian_Integral_Regulator.o
 .debug_line    0x0000000000005b12      0x5a6 Src/MCP23017_LCD1602A/LCD16X2.o
 .debug_line    0x00000000000060b8      0x22a Src/MCP3008/MCP3008.o
 .debug_line    0x00000000000062e2      0x56e Src/main.o
 .debug_line    0x0000000000006850      0x35c Src/stm32f4xx_hal_msp.o
 .debug_line    0x0000000000006bac      0x1e5 Src/stm32f4xx_it.o
 .debug_line    0x0000000000006d91      0x34b Src/syscalls.o
 .debug_line    0x00000000000070dc      0x1a6 Src/system_stm32f4xx.o
 .debug_line    0x0000000000007282       0x7f startup/startup_stm32f401xe.o

.debug_str      0x0000000000000000     0x4ff1
 .debug_str     0x0000000000000000      0xa2d Drivers/STM32F4xx_HAL_Driver/Src/stm32f4xx_hal.o
                                        0xa9b (size before relaxing)
 .debug_str     0x0000000000000a2d      0x4a8 Drivers/STM32F4xx_HAL_Driver/Src/stm32f4xx_hal_cortex.o
                                        0xb54 (size before relaxing)
 .debug_str     0x0000000000000ed5      0x1d8 Drivers/STM32F4xx_HAL_Driver/Src/stm32f4xx_hal_gpio.o
                                        0x58e (size before relaxing)
 .debug_str     0x00000000000010ad      0xd56 Drivers/STM32F4xx_HAL_Driver/Src/stm32f4xx_hal_i2c.o
                                       0x108e (size before relaxing)
 .debug_str     0x0000000000001e03      0x2c9 Drivers/STM32F4xx_HAL_Driver/Src/stm32f4xx_hal_rcc.o
                                        0x761 (size before relaxing)
 .debug_str     0x00000000000020cc      0x6e3 Drivers/STM32F4xx_HAL_Driver/Src/stm32f4xx_hal_spi.o
                                        0xc65 (size before relaxing)
 .debug_str     0x00000000000027af      0xfea Drivers/STM32F4xx_HAL_Driver/Src/stm32f4xx_hal_tim.o
                                       0x1559 (size before relaxing)
 .debug_str     0x0000000000003799      0x548 Drivers/STM32F4xx_HAL_Driver/Src/stm32f4xx_hal_tim_ex.o
                                        0xd71 (size before relaxing)
 .debug_str     0x0000000000003ce1      0x677 Drivers/STM32F4xx_HAL_Driver/Src/stm32f4xx_hal_uart.o
                                        0xca4 (size before relaxing)
 .debug_str     0x0000000000004358      0x4a1 Src/LQGI/Linear_Quadratic_Gaussian_Integral_Regulator.o
                                        0x6d7 (size before relaxing)
 .debug_str     0x00000000000047f9      0x33f Src/MCP23017_LCD1602A/LCD16X2.o
                                       0x1147 (size before relaxing)
 .debug_str     0x0000000000004b38       0x53 Src/MCP3008/MCP3008.o
                                        0x773 (size before relaxing)
 .debug_str     0x0000000000004b8b      0x10a Src/main.o
                                       0x17f0 (size before relaxing)
 .debug_str     0x0000000000004c95       0x25 Src/stm32f4xx_hal_msp.o
                                        0xede (size before relaxing)
 .debug_str     0x0000000000004cba       0xa6 Src/stm32f4xx_it.o
                                        0x2ec (size before relaxing)
 .debug_str     0x0000000000004d60      0x24c Src/syscalls.o
                                        0x8b0 (size before relaxing)
 .debug_str     0x0000000000004fac       0x45 Src/system_stm32f4xx.o
                                        0x3f2 (size before relaxing)

.comment        0x0000000000000000       0x7c
 .comment       0x0000000000000000       0x7c Drivers/STM32F4xx_HAL_Driver/Src/stm32f4xx_hal.o
                                         0x7d (size before relaxing)
 .comment       0x000000000000007c       0x7d Drivers/STM32F4xx_HAL_Driver/Src/stm32f4xx_hal_cortex.o
 .comment       0x000000000000007c       0x7d Drivers/STM32F4xx_HAL_Driver/Src/stm32f4xx_hal_gpio.o
 .comment       0x000000000000007c       0x7d Drivers/STM32F4xx_HAL_Driver/Src/stm32f4xx_hal_i2c.o
 .comment       0x000000000000007c       0x7d Drivers/STM32F4xx_HAL_Driver/Src/stm32f4xx_hal_rcc.o
 .comment       0x000000000000007c       0x7d Drivers/STM32F4xx_HAL_Driver/Src/stm32f4xx_hal_spi.o
 .comment       0x000000000000007c       0x7d Drivers/STM32F4xx_HAL_Driver/Src/stm32f4xx_hal_tim.o
 .comment       0x000000000000007c       0x7d Drivers/STM32F4xx_HAL_Driver/Src/stm32f4xx_hal_tim_ex.o
 .comment       0x000000000000007c       0x7d Drivers/STM32F4xx_HAL_Driver/Src/stm32f4xx_hal_uart.o
 .comment       0x000000000000007c       0x7d Src/LQGI/Linear_Quadratic_Gaussian_Integral_Regulator.o
 .comment       0x000000000000007c       0x7d Src/MCP23017_LCD1602A/LCD16X2.o
 .comment       0x000000000000007c       0x7d Src/MCP3008/MCP3008.o
 .comment       0x000000000000007c       0x7d Src/main.o
 .comment       0x000000000000007c       0x7d Src/stm32f4xx_hal_msp.o
 .comment       0x000000000000007c       0x7d Src/stm32f4xx_it.o
 .comment       0x000000000000007c       0x7d Src/syscalls.o
 .comment       0x000000000000007c       0x7d Src/system_stm32f4xx.o

.debug_frame    0x0000000000000000     0x2fd8
 .debug_frame   0x0000000000000000      0x1f0 Drivers/STM32F4xx_HAL_Driver/Src/stm32f4xx_hal.o
 .debug_frame   0x00000000000001f0      0x158 Drivers/STM32F4xx_HAL_Driver/Src/stm32f4xx_hal_cortex.o
 .debug_frame   0x0000000000000348       0xd8 Drivers/STM32F4xx_HAL_Driver/Src/stm32f4xx_hal_gpio.o
 .debug_frame   0x0000000000000420      0x704 Drivers/STM32F4xx_HAL_Driver/Src/stm32f4xx_hal_i2c.o
 .debug_frame   0x0000000000000b24      0x13c Drivers/STM32F4xx_HAL_Driver/Src/stm32f4xx_hal_rcc.o
 .debug_frame   0x0000000000000c60      0x574 Drivers/STM32F4xx_HAL_Driver/Src/stm32f4xx_hal_spi.o
 .debug_frame   0x00000000000011d4      0x928 Drivers/STM32F4xx_HAL_Driver/Src/stm32f4xx_hal_tim.o
 .debug_frame   0x0000000000001afc      0x360 Drivers/STM32F4xx_HAL_Driver/Src/stm32f4xx_hal_tim_ex.o
 .debug_frame   0x0000000000001e5c      0x4a0 Drivers/STM32F4xx_HAL_Driver/Src/stm32f4xx_hal_uart.o
 .debug_frame   0x00000000000022fc       0x78 Src/LQGI/Linear_Quadratic_Gaussian_Integral_Regulator.o
 .debug_frame   0x0000000000002374      0x2f0 Src/MCP23017_LCD1602A/LCD16X2.o
 .debug_frame   0x0000000000002664       0x58 Src/MCP3008/MCP3008.o
 .debug_frame   0x00000000000026bc       0x74 Src/main.o
 .debug_frame   0x0000000000002730      0x114 Src/stm32f4xx_hal_msp.o
 .debug_frame   0x0000000000002844       0xa0 Src/stm32f4xx_it.o
 .debug_frame   0x00000000000028e4      0x1a8 Src/syscalls.o
 .debug_frame   0x0000000000002a8c       0x38 Src/system_stm32f4xx.o
 .debug_frame   0x0000000000002ac4       0x20 /home/asus/program/TrueSTUDIO/ARMTools/bin/../lib/gcc/arm-atollic-eabi/6.3.1/../../../../arm-atollic-eabi/lib/armv7e-m/fpu/libc_nano.a(lib_a-errno.o)
 .debug_frame   0x0000000000002ae4       0x2c /home/asus/program/TrueSTUDIO/ARMTools/bin/../lib/gcc/arm-atollic-eabi/6.3.1/../../../../arm-atollic-eabi/lib/armv7e-m/fpu/libc_nano.a(lib_a-init.o)
 .debug_frame   0x0000000000002b10       0x28 /home/asus/program/TrueSTUDIO/ARMTools/bin/../lib/gcc/arm-atollic-eabi/6.3.1/../../../../arm-atollic-eabi/lib/armv7e-m/fpu/libc_nano.a(lib_a-memcpy-stub.o)
 .debug_frame   0x0000000000002b38       0x20 /home/asus/program/TrueSTUDIO/ARMTools/bin/../lib/gcc/arm-atollic-eabi/6.3.1/../../../../arm-atollic-eabi/lib/armv7e-m/fpu/libc_nano.a(lib_a-memset.o)
 .debug_frame   0x0000000000002b58       0x70 /home/asus/program/TrueSTUDIO/ARMTools/bin/../lib/gcc/arm-atollic-eabi/6.3.1/../../../../arm-atollic-eabi/lib/armv7e-m/fpu/libc_nano.a(lib_a-sprintf.o)
 .debug_frame   0x0000000000002bc8       0x90 /home/asus/program/TrueSTUDIO/ARMTools/bin/../lib/gcc/arm-atollic-eabi/6.3.1/../../../../arm-atollic-eabi/lib/armv7e-m/fpu/libc_nano.a(lib_a-nano-svfprintf.o)
 .debug_frame   0x0000000000002c58       0x60 /home/asus/program/TrueSTUDIO/ARMTools/bin/../lib/gcc/arm-atollic-eabi/6.3.1/../../../../arm-atollic-eabi/lib/armv7e-m/fpu/libc_nano.a(lib_a-nano-vfprintf_i.o)
 .debug_frame   0x0000000000002cb8       0x28 /home/asus/program/TrueSTUDIO/ARMTools/bin/../lib/gcc/arm-atollic-eabi/6.3.1/../../../../arm-atollic-eabi/lib/armv7e-m/fpu/libc_nano.a(lib_a-memmove.o)
 .debug_frame   0x0000000000002ce0       0x38 /home/asus/program/TrueSTUDIO/ARMTools/bin/../lib/gcc/arm-atollic-eabi/6.3.1/../../../../arm-atollic-eabi/lib/armv7e-m/fpu/libc_nano.a(lib_a-nano-freer.o)
 .debug_frame   0x0000000000002d18       0x2c /home/asus/program/TrueSTUDIO/ARMTools/bin/../lib/gcc/arm-atollic-eabi/6.3.1/../../../../arm-atollic-eabi/lib/armv7e-m/fpu/libc_nano.a(lib_a-nano-mallocr.o)
 .debug_frame   0x0000000000002d44       0x3c /home/asus/program/TrueSTUDIO/ARMTools/bin/../lib/gcc/arm-atollic-eabi/6.3.1/../../../../arm-atollic-eabi/lib/armv7e-m/fpu/libc_nano.a(lib_a-nano-reallocr.o)
 .debug_frame   0x0000000000002d80       0x2c /home/asus/program/TrueSTUDIO/ARMTools/bin/../lib/gcc/arm-atollic-eabi/6.3.1/../../../../arm-atollic-eabi/lib/armv7e-m/fpu/libc_nano.a(lib_a-sbrkr.o)
 .debug_frame   0x0000000000002dac       0x30 /home/asus/program/TrueSTUDIO/ARMTools/bin/../lib/gcc/arm-atollic-eabi/6.3.1/../../../../arm-atollic-eabi/lib/armv7e-m/fpu/libc_nano.a(lib_a-mlock.o)
 .debug_frame   0x0000000000002ddc       0x20 /home/asus/program/TrueSTUDIO/ARMTools/bin/../lib/gcc/arm-atollic-eabi/6.3.1/../../../../arm-atollic-eabi/lib/armv7e-m/fpu/libc_nano.a(lib_a-nano-msizer.o)
 .debug_frame   0x0000000000002dfc       0x5c /home/asus/program/TrueSTUDIO/ARMTools/bin/../lib/gcc/arm-atollic-eabi/6.3.1/../../../../arm-atollic-eabi/lib/armv7e-m/fpu/libc_nano.a(lib_a-reent.o)
 .debug_frame   0x0000000000002e58       0xac /home/asus/program/TrueSTUDIO/ARMTools/bin/../lib/gcc/arm-atollic-eabi/6.3.1/armv7e-m/fpu/libgcc.a(_arm_addsubdf3.o)
 .debug_frame   0x0000000000002f04       0x50 /home/asus/program/TrueSTUDIO/ARMTools/bin/../lib/gcc/arm-atollic-eabi/6.3.1/armv7e-m/fpu/libgcc.a(_arm_muldivdf3.o)
 .debug_frame   0x0000000000002f54       0x24 /home/asus/program/TrueSTUDIO/ARMTools/bin/../lib/gcc/arm-atollic-eabi/6.3.1/armv7e-m/fpu/libgcc.a(_arm_fixunsdfsi.o)
 .debug_frame   0x0000000000002f78       0x2c /home/asus/program/TrueSTUDIO/ARMTools/bin/../lib/gcc/arm-atollic-eabi/6.3.1/armv7e-m/fpu/libgcc.a(_aeabi_uldivmod.o)
 .debug_frame   0x0000000000002fa4       0x34 /home/asus/program/TrueSTUDIO/ARMTools/bin/../lib/gcc/arm-atollic-eabi/6.3.1/armv7e-m/fpu/libgcc.a(_udivmoddi4.o)
